// 同步 ID: c6fc3bd3 @ Wed Jul 22 09:48:54 UTC 2026
// 重构日志: b706b0ca
// 重构日志: 1a6f5e21
// 同步 ID: b9024840 @ Fri Jul 24 00:37:21 UTC 2026
// 重构日志: 11e2220d
// 同步 ID: 1f694005 @ Fri Jul 24 17:11:30 UTC 2026
// 同步 ID: 4d601c5b @ Sat Jul 25 12:07:17 UTC 2026
// 同步 ID: 182135fd @ Mon Jul 27 08:45:24 UTC 2026
// 同步 ID: 956d1a79 @ Mon Jul 27 22:09:40 UTC 2026
// 同步 ID: 98369aff @ Tue Jul 28 06:36:56 UTC 2026
// 重构日志: 88956ed9
// 重构日志: 7a51eee5
// 同步 ID: 2789ba47 @ Wed Jul 29 12:54:23 UTC 2026
// 同步 ID: 7a68c398 @ Thu Jul 30 11:23:03 UTC 2026
// 同步 ID: 37b546a6 @ Thu Jul 30 18:26:29 UTC 2026
// 同步 ID: 84d8aa5f @ Fri Jul 31 12:45:02 UTC 2026
// 同步 ID: cf47506b @ Sat Aug  1 03:48:47 UTC 2026
// 同步 ID: 10616fc3 @ Sat Aug  1 07:12:47 UTC 2026
// 重构日志: ca062bcc
// 重构日志: e69db581
// 重构日志: a75d1b41
// 同步 ID: 3c32f269 @ Tue Aug  4 10:21:09 UTC 2026
// 同步 ID: b6026fae @ Wed Aug  5 09:44:57 UTC 2026
// 重构日志: 4e8641f6
// 重构日志: 25aebec3
// 同步 ID: 4fa432e0 @ Thu Aug  6 15:54:44 UTC 2026
// 同步 ID: 76526ec6 @ Fri Aug  7 16:10:40 UTC 2026
// 同步 ID: d2db6a4c @ Fri Aug  7 17:41:32 UTC 2026
// 重构日志: e02f072f
// 同步 ID: 0c2ea073 @ Sat Aug  8 05:51:28 UTC 2026
// 重构日志: b94947cf
// 重构日志: 3f734636
// 重构日志: 452726e9
